// Jest Snapshot v1, https://goo.gl/fbAQLP

exports[`<Posts /> should match snapshot 1`] = `
<div
  class="posts"
>
  <div
    class="post"
  >
    <img
      alt="title 1"
      src="img/img1.png"
    />
    <div
      class="post-content"
    >
      <h1>
        (
        1
        )
      </h1>
      <h1>
        title 1
      </h1>
      <h1>
        body 1
      </h1>
    </div>
  </div>
  <div
    class="post"
  >
    <img
      alt="title 2"
      src="img/img2.png"
    />
    <div
      class="post-content"
    >
      <h1>
        (
        2
        )
      </h1>
      <h1>
        title 2
      </h1>
      <h1>
        body 2
      </h1>
    </div>
  </div>
  <div
    class="post"
  >
    <img
      alt="title 3"
      src="img/img3.png"
    />
    <div
      class="post-content"
    >
      <h1>
        (
        3
        )
      </h1>
      <h1>
        title 3
      </h1>
      <h1>
        body 3
      </h1>
    </div>
  </div>
</div>
`;
